// Jest Snapshot v1, https://goo.gl/fbAQLP

exports[`<Wizard /> should compare snapshot 1`] = `
ShallowWrapper {
  Symbol(enzyme.__root__): [Circular],
  Symbol(enzyme.__unrendered__): <Wizard
    activeColor="#5111df"
    inactiveColor="#dbdbdb"
    steps={
      Array [
        Object {
          "active": true,
          "content": "Lorem ipsum dolor sit amet consectetur, adipisicing elit. Aliquid soluta eum, possimus veniam reprehenderit ipsam laudantium voluptatibus debitis, deleniti doloribus illum iusto atque consequatur ullam sapiente adipisci officia blanditiis sint.",
          "label": "Design",
        },
        Object {
          "active": true,
          "content": "Lorem ipsum dolor sit amet consectetur, adipisicing elit. Aliquid soluta eum, possimus veniam reprehenderit ipsam laudantium voluptatibus debitis, deleniti doloribus illum iusto atque consequatur ullam sapiente adipisci officia blanditiis sint. Lorem ipsum dolor sit amet consectetur, adipisicing elit. Aliquid soluta eum, possimus veniam reprehenderit ipsam laudantium voluptatibus debitis, deleniti doloribus illum iusto atque consequatur ullam sapiente adipisci officia blanditiis sint.",
          "label": "Build",
        },
        Object {
          "active": false,
          "content": "Lorem ipsum dolor sit amet consectetur, adipisicing elit. Aliquid soluta eum, possimus veniam reprehenderit ipsam laudantium voluptatibus debitis, deleniti doloribus illum iusto atque consequatur ullam sapiente adipisci officia blanditiis sint. Lorem ipsum dolor sit amet consectetur, adipisicing elit. Aliquid soluta eum, possimus veniam reprehenderit ipsam laudantium voluptatibus debitis, deleniti doloribus illum iusto atque consequatur ullam sapiente adipisci officia blanditiis sint. Lorem ipsum dolor sit amet consectetur, adipisicing elit. Aliquid soluta eum, possimus veniam reprehenderit ipsam laudantium voluptatibus debitis, deleniti doloribus illum iusto atque consequatur ullam sapiente adipisci officia blanditiis sint.",
          "label": "Launch",
        },
      ]
    }
    updateStep={[Function]}
  />,
  Symbol(enzyme.__renderer__): Object {
    "batchedUpdates": [Function],
    "getNode": [Function],
    "render": [Function],
    "simulateError": [Function],
    "simulateEvent": [Function],
    "unmount": [Function],
  },
  Symbol(enzyme.__node__): Object {
    "instance": null,
    "key": undefined,
    "nodeType": "host",
    "props": Object {
      "children": Array [
        <ForwardRef>
          <UNDEFINED
            color="#5111df"
            index={0}
            label="Design"
            onClick={[Function]}
            onTransitionEnd={[Function]}
          />
          <AdvancedStep
            active={true}
            activeColor="#5111df"
            inactiveColor="#dbdbdb"
            index={1}
            label="Build"
            onClick={[Function]}
            onTransitionEnd={[Function]}
          />
          <AdvancedStep
            active={false}
            activeColor="#5111df"
            inactiveColor="#dbdbdb"
            index={2}
            label="Launch"
            onClick={[Function]}
            onTransitionEnd={[Function]}
          />
        </ForwardRef>,
        <ForwardRef>
          Lorem ipsum dolor sit amet consectetur, adipisicing elit. Aliquid soluta eum, possimus veniam reprehenderit ipsam laudantium voluptatibus debitis, deleniti doloribus illum iusto atque consequatur ullam sapiente adipisci officia blanditiis sint. Lorem ipsum dolor sit amet consectetur, adipisicing elit. Aliquid soluta eum, possimus veniam reprehenderit ipsam laudantium voluptatibus debitis, deleniti doloribus illum iusto atque consequatur ullam sapiente adipisci officia blanditiis sint.
        </ForwardRef>,
      ],
    },
    "ref": null,
    "rendered": Array [
      Object {
        "instance": null,
        "key": undefined,
        "nodeType": "function",
        "props": Object {
          "children": Array [
            <UNDEFINED
              color="#5111df"
              index={0}
              label="Design"
              onClick={[Function]}
              onTransitionEnd={[Function]}
            />,
            Array [
              <AdvancedStep
                active={true}
                activeColor="#5111df"
                inactiveColor="#dbdbdb"
                index={1}
                label="Build"
                onClick={[Function]}
                onTransitionEnd={[Function]}
              />,
              <AdvancedStep
                active={false}
                activeColor="#5111df"
                inactiveColor="#dbdbdb"
                index={2}
                label="Launch"
                onClick={[Function]}
                onTransitionEnd={[Function]}
              />,
            ],
          ],
        },
        "ref": null,
        "rendered": Array [
          Object {
            "instance": null,
            "key": undefined,
            "nodeType": "function",
            "props": Object {
              "color": "#5111df",
              "index": 0,
              "label": "Design",
              "onClick": [Function],
              "onTransitionEnd": [Function],
            },
            "ref": null,
            "rendered": null,
            "type": Object {
              "$$typeof": Symbol(react.memo),
              "compare": null,
              "type": [Function],
            },
          },
          Object {
            "instance": null,
            "key": "0",
            "nodeType": "class",
            "props": Object {
              "active": true,
              "activeColor": "#5111df",
              "inactiveColor": "#dbdbdb",
              "index": 1,
              "label": "Build",
              "onClick": [Function],
              "onTransitionEnd": [Function],
            },
            "ref": null,
            "rendered": null,
            "type": [Function],
          },
          Object {
            "instance": null,
            "key": "1",
            "nodeType": "class",
            "props": Object {
              "active": false,
              "activeColor": "#5111df",
              "inactiveColor": "#dbdbdb",
              "index": 2,
              "label": "Launch",
              "onClick": [Function],
              "onTransitionEnd": [Function],
            },
            "ref": null,
            "rendered": null,
            "type": [Function],
          },
        ],
        "type": Object {
          "$$typeof": Symbol(react.forward_ref),
          "attrs": Array [],
          "componentStyle": ComponentStyle {
            "componentId": "sc-EHOje",
            "isStatic": true,
            "rules": Array [
              "
  display: flex;
  align-items: center;
  justify-content: space-between;
  padding-top: 50px;
",
            ],
          },
          "displayName": "styled.div",
          "foldedComponentIds": Array [],
          "render": [Function],
          "styledComponentId": "sc-EHOje",
          "target": "div",
          "toString": [Function],
          "warnTooManyClasses": [Function],
          "withComponent": [Function],
        },
      },
      Object {
        "instance": null,
        "key": undefined,
        "nodeType": "function",
        "props": Object {
          "children": "Lorem ipsum dolor sit amet consectetur, adipisicing elit. Aliquid soluta eum, possimus veniam reprehenderit ipsam laudantium voluptatibus debitis, deleniti doloribus illum iusto atque consequatur ullam sapiente adipisci officia blanditiis sint. Lorem ipsum dolor sit amet consectetur, adipisicing elit. Aliquid soluta eum, possimus veniam reprehenderit ipsam laudantium voluptatibus debitis, deleniti doloribus illum iusto atque consequatur ullam sapiente adipisci officia blanditiis sint.",
        },
        "ref": null,
        "rendered": "Lorem ipsum dolor sit amet consectetur, adipisicing elit. Aliquid soluta eum, possimus veniam reprehenderit ipsam laudantium voluptatibus debitis, deleniti doloribus illum iusto atque consequatur ullam sapiente adipisci officia blanditiis sint. Lorem ipsum dolor sit amet consectetur, adipisicing elit. Aliquid soluta eum, possimus veniam reprehenderit ipsam laudantium voluptatibus debitis, deleniti doloribus illum iusto atque consequatur ullam sapiente adipisci officia blanditiis sint.",
        "type": Object {
          "$$typeof": Symbol(react.forward_ref),
          "attrs": Array [],
          "componentStyle": ComponentStyle {
            "componentId": "sc-bZQynM",
            "isStatic": true,
            "rules": Array [
              "
  padding-top: 15px;
",
            ],
          },
          "displayName": "styled.div",
          "foldedComponentIds": Array [],
          "render": [Function],
          "styledComponentId": "sc-bZQynM",
          "target": "div",
          "toString": [Function],
          "warnTooManyClasses": [Function],
          "withComponent": [Function],
        },
      },
    ],
    "type": "div",
  },
  Symbol(enzyme.__nodes__): Array [
    Object {
      "instance": null,
      "key": undefined,
      "nodeType": "host",
      "props": Object {
        "children": Array [
          <ForwardRef>
            <UNDEFINED
              color="#5111df"
              index={0}
              label="Design"
              onClick={[Function]}
              onTransitionEnd={[Function]}
            />
            <AdvancedStep
              active={true}
              activeColor="#5111df"
              inactiveColor="#dbdbdb"
              index={1}
              label="Build"
              onClick={[Function]}
              onTransitionEnd={[Function]}
            />
            <AdvancedStep
              active={false}
              activeColor="#5111df"
              inactiveColor="#dbdbdb"
              index={2}
              label="Launch"
              onClick={[Function]}
              onTransitionEnd={[Function]}
            />
          </ForwardRef>,
          <ForwardRef>
            Lorem ipsum dolor sit amet consectetur, adipisicing elit. Aliquid soluta eum, possimus veniam reprehenderit ipsam laudantium voluptatibus debitis, deleniti doloribus illum iusto atque consequatur ullam sapiente adipisci officia blanditiis sint. Lorem ipsum dolor sit amet consectetur, adipisicing elit. Aliquid soluta eum, possimus veniam reprehenderit ipsam laudantium voluptatibus debitis, deleniti doloribus illum iusto atque consequatur ullam sapiente adipisci officia blanditiis sint.
          </ForwardRef>,
        ],
      },
      "ref": null,
      "rendered": Array [
        Object {
          "instance": null,
          "key": undefined,
          "nodeType": "function",
          "props": Object {
            "children": Array [
              <UNDEFINED
                color="#5111df"
                index={0}
                label="Design"
                onClick={[Function]}
                onTransitionEnd={[Function]}
              />,
              Array [
                <AdvancedStep
                  active={true}
                  activeColor="#5111df"
                  inactiveColor="#dbdbdb"
                  index={1}
                  label="Build"
                  onClick={[Function]}
                  onTransitionEnd={[Function]}
                />,
                <AdvancedStep
                  active={false}
                  activeColor="#5111df"
                  inactiveColor="#dbdbdb"
                  index={2}
                  label="Launch"
                  onClick={[Function]}
                  onTransitionEnd={[Function]}
                />,
              ],
            ],
          },
          "ref": null,
          "rendered": Array [
            Object {
              "instance": null,
              "key": undefined,
              "nodeType": "function",
              "props": Object {
                "color": "#5111df",
                "index": 0,
                "label": "Design",
                "onClick": [Function],
                "onTransitionEnd": [Function],
              },
              "ref": null,
              "rendered": null,
              "type": Object {
                "$$typeof": Symbol(react.memo),
                "compare": null,
                "type": [Function],
              },
            },
            Object {
              "instance": null,
              "key": "0",
              "nodeType": "class",
              "props": Object {
                "active": true,
                "activeColor": "#5111df",
                "inactiveColor": "#dbdbdb",
                "index": 1,
                "label": "Build",
                "onClick": [Function],
                "onTransitionEnd": [Function],
              },
              "ref": null,
              "rendered": null,
              "type": [Function],
            },
            Object {
              "instance": null,
              "key": "1",
              "nodeType": "class",
              "props": Object {
                "active": false,
                "activeColor": "#5111df",
                "inactiveColor": "#dbdbdb",
                "index": 2,
                "label": "Launch",
                "onClick": [Function],
                "onTransitionEnd": [Function],
              },
              "ref": null,
              "rendered": null,
              "type": [Function],
            },
          ],
          "type": Object {
            "$$typeof": Symbol(react.forward_ref),
            "attrs": Array [],
            "componentStyle": ComponentStyle {
              "componentId": "sc-EHOje",
              "isStatic": true,
              "rules": Array [
                "
  display: flex;
  align-items: center;
  justify-content: space-between;
  padding-top: 50px;
",
              ],
            },
            "displayName": "styled.div",
            "foldedComponentIds": Array [],
            "render": [Function],
            "styledComponentId": "sc-EHOje",
            "target": "div",
            "toString": [Function],
            "warnTooManyClasses": [Function],
            "withComponent": [Function],
          },
        },
        Object {
          "instance": null,
          "key": undefined,
          "nodeType": "function",
          "props": Object {
            "children": "Lorem ipsum dolor sit amet consectetur, adipisicing elit. Aliquid soluta eum, possimus veniam reprehenderit ipsam laudantium voluptatibus debitis, deleniti doloribus illum iusto atque consequatur ullam sapiente adipisci officia blanditiis sint. Lorem ipsum dolor sit amet consectetur, adipisicing elit. Aliquid soluta eum, possimus veniam reprehenderit ipsam laudantium voluptatibus debitis, deleniti doloribus illum iusto atque consequatur ullam sapiente adipisci officia blanditiis sint.",
          },
          "ref": null,
          "rendered": "Lorem ipsum dolor sit amet consectetur, adipisicing elit. Aliquid soluta eum, possimus veniam reprehenderit ipsam laudantium voluptatibus debitis, deleniti doloribus illum iusto atque consequatur ullam sapiente adipisci officia blanditiis sint. Lorem ipsum dolor sit amet consectetur, adipisicing elit. Aliquid soluta eum, possimus veniam reprehenderit ipsam laudantium voluptatibus debitis, deleniti doloribus illum iusto atque consequatur ullam sapiente adipisci officia blanditiis sint.",
          "type": Object {
            "$$typeof": Symbol(react.forward_ref),
            "attrs": Array [],
            "componentStyle": ComponentStyle {
              "componentId": "sc-bZQynM",
              "isStatic": true,
              "rules": Array [
                "
  padding-top: 15px;
",
              ],
            },
            "displayName": "styled.div",
            "foldedComponentIds": Array [],
            "render": [Function],
            "styledComponentId": "sc-bZQynM",
            "target": "div",
            "toString": [Function],
            "warnTooManyClasses": [Function],
            "withComponent": [Function],
          },
        },
      ],
      "type": "div",
    },
  ],
  Symbol(enzyme.__options__): Object {
    "adapter": ReactSixteenAdapter {
      "options": Object {
        "enableComponentDidUpdateOnSetState": true,
        "lifecycles": Object {
          "componentDidUpdate": Object {
            "onSetState": true,
          },
          "getDerivedStateFromProps": true,
          "getSnapshotBeforeUpdate": true,
          "setState": Object {
            "skipsComponentDidUpdateOnNullish": true,
          },
        },
      },
    },
  },
}
`;
